0 verbose cli C:\Program Files\nodejs\node.exe C:\Program Files\nodejs\node_modules\npm\bin\npm-cli.js
1 info using npm@11.6.2
2 info using node@v24.12.0
3 silly config load:file:C:\Program Files\nodejs\node_modules\npm\npmrc
4 silly config load:file:D:\obecRoV-main\.npmrc
5 silly config load:file:C:\Users\Admin\.npmrc
6 silly config load:file:C:\Users\Admin\AppData\Roaming\npm\etc\npmrc
7 verbose title npm exec tsc --noEmit
8 verbose argv "exec" "--" "tsc" "--noEmit"
9 verbose logfile logs-max:10 dir:D:\obecRoV-main\npm-cache\_logs\2026-09-08T04_04_24_204Z-
10 verbose logfile D:\obecRoV-main\npm-cache\_logs\2026-09-08T04_04_24_204Z-debug-0.log
11 silly logfile done cleaning log files
12 http fetch GET 200 https://registry.npmjs.org/npm 331ms
13 verbose cwd D:\obecRoV-main
14 verbose os Windows_NT 10.0.26200
15 verbose node v24.12.0
16 verbose npm  v11.6.2
17 notice
17 notice New minor version of npm available! 11.6.2 -> 11.19.1
17 notice Changelog: https://github.com/npm/cli/releases/tag/v11.19.1
17 notice To update run: npm install -g npm@11.19.1
17 notice  { force: true, Symbol(proc-log.meta): true }
18 verbose exit 0
19 info ok
